// Vitest Snapshot v1, https://vitest.dev/guide/snapshot.html

exports[`ToggleSwitch > events > should emit 'update:is-active' event 1`] = `{}`;
